
> tensor-planetoid@0.1.0 build
> next build

node.exe : [baseline-b
rowser-mapping] The 
data in this module 
is over two months 
old.  To ensure 
accurate Baseline 
data, please update: 
`npm i baseline-browse
r-mapping@latest -D`
En línea: 1 Carácter: 
1
+ & "C:\Program Files\
nodejs/node.exe" 
"C:\Program 
Files\nodejs/node_mo 
...
+ ~~~~~~~~~~~~~~~~~~~~
~~~~~~~~~~~~~~~~~~~~~~
~~~~~~~~~~~~~~~~~~~~~~
~~~~~
    + CategoryInfo    
          : NotSpeci  
  fied: ([baseline-   
 brows...ping@late    
st -D`:String) []    
, RemoteException
    + FullyQualifiedE 
   rrorId : NativeCo  
  mmandError
 
   ▲ Next.js 16.0.3 (Turbopack)
   - Environments: .env.local

   Creating an optimized production build ...
[baseline-browser-mapp
ing] The data in this 
module is over two 
months old.  To 
ensure accurate 
Baseline data, please 
update: `npm i baselin
e-browser-mapping@late
st -D`

> Build error occurred
Error: Turbopack 
build failed with 2 
errors:
./src/app/zero-paper/e
mployee-portal/page.ts
x:5:1
Export useDocs 
doesn't exist in 
target module
[0m [90m 3 |[39m 
[36mimport[39m { 
useState[33m,[39m 
useEffect } 
[36mfrom[39m [32m'r
eact'[39m[33m;[39m
 [90m 4 |[39m 
[36mimport[39m { 
useZPAuth } 
[36mfrom[39m [32m'@
/context/ZPAuthContext
'[39m[33m;[39m
[31m[1m>[22m[39m[
90m 5 |[39m 
[36mimport[39m { 
useDocs } 
[36mfrom[39m [32m'@
/context/DocContext'[
39m[33m;[39m
 [90m   |[39m [31m
[1m^[22m[39m[31m[1
m^[22m[39m[31m[1m^
[22m[39m[31m[1m^[
22m[39m[31m[1m^[22
m[39m[31m[1m^[22m
[39m[31m[1m^[22m[3
9m[31m[1m^[22m[39m
[31m[1m^[22m[39m[
31m[1m^[22m[39m[31
m[1m^[22m[39m[31m
[1m^[22m[39m[31m[1
m^[22m[39m[31m[1m^
[22m[39m[31m[1m^[
22m[39m[31m[1m^[22
m[39m[31m[1m^[22m
[39m[31m[1m^[22m[3
9m[31m[1m^[22m[39m
[31m[1m^[22m[39m[
31m[1m^[22m[39m[31
m[1m^[22m[39m[31m
[1m^[22m[39m[31m[1
m^[22m[39m[31m[1m^
[22m[39m[31m[1m^[
22m[39m[31m[1m^[22
m[39m[31m[1m^[22m
[39m[31m[1m^[22m[3
9m[31m[1m^[22m[39m
[31m[1m^[22m[39m[
31m[1m^[22m[39m[31
m[1m^[22m[39m[31m
[1m^[22m[39m[31m[1
m^[22m[39m[31m[1m^
[22m[39m[31m[1m^[
22m[39m[31m[1m^[22
m[39m[31m[1m^[22m
[39m[31m[1m^[22m[3
9m[31m[1m^[22m[39m
[31m[1m^[22m[39m[
31m[1m^[22m[39m[31
m[1m^[22m[39m[31m
[1m^[22m[39m[31m[1
m^[22m[39m[31m[1m^
[22m[39m
 [90m 6 |[39m 
[36mimport[39m { 
useRouter } 
[36mfrom[39m [32m'n
ext/navigation'[39m[
33m;[39m
 [90m 7 |[39m 
[36mimport[39m { 
 [90m 8 |[39m     [
33mFileText[39m[33m,
[39m [0m

The export useDocs 
was not found in 
module [project]/src/c
ontext/DocContext.tsx 
[app-client] 
(ecmascript).
Did you mean to 
import useDoc?
All exports of the 
module are statically 
known (It doesn't 
have dynamic 
exports). So it's 
known statically that 
the requested export 
doesn't exist.

Import traces:
  Client Component 
Browser:
    ./src/app/zero-pap
er/employee-portal/pag
e.tsx [Client 
Component Browser]
    ./src/app/zero-pap
er/employee-portal/pag
e.tsx [Server 
Component]

  Client Component 
SSR:
    ./src/app/zero-pap
er/employee-portal/pag
e.tsx [Client 
Component SSR]
    ./src/app/zero-pap
er/employee-portal/pag
e.tsx [Server 
Component]


./src/app/zero-paper/e
mployee-portal/page.ts
x:5:1
Export useDocs 
doesn't exist in 
target module
[0m [90m 3 |[39m 
[36mimport[39m { 
useState[33m,[39m 
useEffect } 
[36mfrom[39m [32m'r
eact'[39m[33m;[39m
 [90m 4 |[39m 
[36mimport[39m { 
useZPAuth } 
[36mfrom[39m [32m'@
/context/ZPAuthContext
'[39m[33m;[39m
[31m[1m>[22m[39m[
90m 5 |[39m 
[36mimport[39m { 
useDocs } 
[36mfrom[39m [32m'@
/context/DocContext'[
39m[33m;[39m
 [90m   |[39m [31m
[1m^[22m[39m[31m[1
m^[22m[39m[31m[1m^
[22m[39m[31m[1m^[
22m[39m[31m[1m^[22
m[39m[31m[1m^[22m
[39m[31m[1m^[22m[3
9m[31m[1m^[22m[39m
[31m[1m^[22m[39m[
31m[1m^[22m[39m[31
m[1m^[22m[39m[31m
[1m^[22m[39m[31m[1
m^[22m[39m[31m[1m^
[22m[39m[31m[1m^[
22m[39m[31m[1m^[22
m[39m[31m[1m^[22m
[39m[31m[1m^[22m[3
9m[31m[1m^[22m[39m
[31m[1m^[22m[39m[
31m[1m^[22m[39m[31
m[1m^[22m[39m[31m
[1m^[22m[39m[31m[1
m^[22m[39m[31m[1m^
[22m[39m[31m[1m^[
22m[39m[31m[1m^[22
m[39m[31m[1m^[22m
[39m[31m[1m^[22m[3
9m[31m[1m^[22m[39m
[31m[1m^[22m[39m[
31m[1m^[22m[39m[31
m[1m^[22m[39m[31m
[1m^[22m[39m[31m[1
m^[22m[39m[31m[1m^
[22m[39m[31m[1m^[
22m[39m[31m[1m^[22
m[39m[31m[1m^[22m
[39m[31m[1m^[22m[3
9m[31m[1m^[22m[39m
[31m[1m^[22m[39m[
31m[1m^[22m[39m[31
m[1m^[22m[39m[31m
[1m^[22m[39m[31m[1
m^[22m[39m[31m[1m^
[22m[39m
 [90m 6 |[39m 
[36mimport[39m { 
useRouter } 
[36mfrom[39m [32m'n
ext/navigation'[39m[
33m;[39m
 [90m 7 |[39m 
[36mimport[39m { 
 [90m 8 |[39m     [
33mFileText[39m[33m,
[39m [0m

The export useDocs 
was not found in 
module [project]/src/c
ontext/DocContext.tsx 
[app-ssr] 
(ecmascript).
Did you mean to 
import useDoc?
All exports of the 
module are statically 
known (It doesn't 
have dynamic 
exports). So it's 
known statically that 
the requested export 
doesn't exist.

Import traces:
  Client Component 
Browser:
    ./src/app/zero-pap
er/employee-portal/pag
e.tsx [Client 
Component Browser]
    ./src/app/zero-pap
er/employee-portal/pag
e.tsx [Server 
Component]

  Client Component 
SSR:
    ./src/app/zero-pap
er/employee-portal/pag
e.tsx [Client 
Component SSR]
    ./src/app/zero-pap
er/employee-portal/pag
e.tsx [Server 
Component]


    at <unknown> (./sr
c/app/zero-paper/emplo
yee-portal/page.tsx:5:
1)
    at <unknown> (./sr
c/app/zero-paper/emplo
yee-portal/page.tsx:5:
1)
